The Nautilus application development team was working on a git repository /usr/src/kodekloudrepos/cluster present on Storage server in Stratos DC. However, they reported an issue with the recent commits being pushed to this repo. They have asked the DevOps team to revert repo HEAD to last commit. Below are more details about the task:



In /usr/src/kodekloudrepos/cluster git repository, 
revert the latest commit ( HEAD ) to the previous commit (JFYI the previous commit hash should be with initial commit message ).

Use revert cluster message (please use all small letters for commit message) for the new revert commit.


[root@ststor01 ~]# cd /usr/src/kodekloudrepos/cluster
[root@ststor01 cluster]# git log
commit 2ad53399c62e1ff5eedfba22ff77604b6781039d
Author: Admin <admin@kodekloud.com>
Date:   Fri May 5 17:42:18 2023 +0000

    add data.txt file

commit bfcfd81f25f718b074f8dcb4014f7b229af60d8d
Author: Admin <admin@kodekloud.com>
Date:   Fri May 5 17:42:18 2023 +0000

    initial commit
[root@ststor01 cluster]# git revert bfcfd81f25f718b074f8dcb4014f7b229af60d8d
# On branch master
# Untracked files:
#   (use "git add <file>..." to include in what will be committed)
#
#       cluster.txt
nothing added to commit but untracked files present (use "git add" to track)
[root@ststor01 cluster]# git revert HEAD
Git will open a text editor to let you add a commit message. Enter "revert cluster message" (without quotes) as the commit message and save the file and exit.
[master 6e30559] Revert "add data.txt file"
 1 file changed, 1 insertion(+)
 create mode 100644 info.txt
[root@ststor01 cluster]# git log
commit 6e305590c50893a103286e5ac6bf4445cd0e5130
Author: Admin <admin@kodekloud.com>
Date:   Fri May 5 17:48:39 2023 +0000

    Revert "add data.txt file"
    
    This reverts commit 2ad53399c62e1ff5eedfba22ff77604b6781039d.
    
    revert cluster message

commit 2ad53399c62e1ff5eedfba22ff77604b6781039d
Author: Admin <admin@kodekloud.com>
Date:   Fri May 5 17:42:18 2023 +0000

    add data.txt file

commit bfcfd81f25f718b074f8dcb4014f7b229af60d8d
Author: Admin <admin@kodekloud.com>
Date:   Fri May 5 17:42:18 2023 +0000

    initial commit
[root@ststor01 cluster]# git push
warning: push.default is unset; its implicit value is changing in
Git 2.0 from 'matching' to 'simple'. To squelch this message
and maintain the current behavior after the default changes, use:

  git config --global push.default matching

To squelch this message and adopt the new behavior now, use:

  git config --global push.default simple

See 'git help config' and search for 'push.default' for further information.
(the 'simple' mode was introduced in Git 1.7.11. Use the similar mode
'current' instead of 'simple' if you sometimes use older versions of Git)

Counting objects: 4, done.
Writing objects: 100% (3/3), 318 bytes | 0 bytes/s, done.
Total 3 (delta 0), reused 0 (delta 0)
To /opt/cluster.git
   2ad5339..6e30559  master -> master
[root@ststor01 cluster]# 
